Feb 02 2018 00:29:52.777 [main] INFO  SuiteListener - Test suite started: SmokeTestSuite
Feb 02 2018 00:29:52.777 [main] INFO  TestListener - Suite test started: SignUpPage - ChromeSmokeTest
Feb 02 2018 00:29:52.793 [main] INFO  ClassListener - Test class started: SignUpPageTest
Feb 02 2018 00:29:56.968 [main] INFO  TestListener - Test method started: testCreateAccount
Feb 02 2018 00:30:12.235 [main] INFO  TestListener - Test method passed: testCreateAccount
Feb 02 2018 00:30:16.703 [main] INFO  TestListener - Test method started: testCancelButton
Feb 02 2018 00:30:27.029 [main] INFO  TestListener - Test method passed: testCancelButton
Feb 02 2018 00:30:31.119 [main] INFO  TestListener - Test method started: verifySelectSchoolDropdownIsDisplayedAfterSelectingBoard
Feb 02 2018 00:30:37.325 [main] INFO  TestListener - Test method passed: verifySelectSchoolDropdownIsDisplayedAfterSelectingBoard
Feb 02 2018 00:30:41.399 [main] INFO  TestListener - Test method started: verifyClickHereLinkIsDisplayedAfterSelectingBoard
Feb 02 2018 00:30:48.304 [main] INFO  TestListener - Test method passed: verifyClickHereLinkIsDisplayedAfterSelectingBoard
Feb 02 2018 00:30:52.452 [main] INFO  TestListener - Test method started: testClickHereLink
Feb 02 2018 00:31:01.033 [main] INFO  TestListener - Test method passed: testClickHereLink
Feb 02 2018 00:31:05.182 [main] INFO  TestListener - Test method started: verifyClickHereLinkDisablesSelectSchoolDropdown
Feb 02 2018 00:31:13.713 [main] INFO  TestListener - Test method passed: verifyClickHereLinkDisablesSelectSchoolDropdown
Feb 02 2018 00:31:17.821 [main] INFO  TestListener - Test method started: testCancelLink
Feb 02 2018 00:31:24.641 [main] INFO  TestListener - Test method passed: testCancelLink
Feb 02 2018 00:31:28.738 [main] INFO  TestListener - Test method started: verifyOtherSourceTextBoxIsEnabledAfterSelectingSourceOther
Feb 02 2018 00:31:36.233 [main] INFO  TestListener - Test method passed: verifyOtherSourceTextBoxIsEnabledAfterSelectingSourceOther
Feb 02 2018 00:31:40.338 [main] INFO  TestListener - Test method started: testTermsOfServiceLink
Feb 02 2018 00:31:47.770 [main] INFO  TestListener - Test method passed: testTermsOfServiceLink
Feb 02 2018 00:31:51.821 [main] INFO  TestListener - Test method started: testPrivacyPolicyLink
Feb 02 2018 00:31:59.539 [main] INFO  TestListener - Test method passed: testPrivacyPolicyLink
Feb 02 2018 00:32:03.669 [main] INFO  TestListener - Test method started: verifyFirstNameInvalidCharactersErrorMessage
Feb 02 2018 00:32:15.738 [main] INFO  TestListener - Test method passed: verifyFirstNameInvalidCharactersErrorMessage
Feb 02 2018 00:32:19.856 [main] INFO  TestListener - Test method started: verifyPasswordLengthErrorMessage
Feb 02 2018 00:32:30.272 [main] INFO  TestListener - Test method passed: verifyPasswordLengthErrorMessage
Feb 02 2018 00:32:30.971 [main] INFO  ClassListener - Test class finished: SignUpPageTest
Feb 02 2018 00:32:30.971 [main] INFO  TestListener - Suite test finished: SignUpPage - ChromeSmokeTest
Feb 02 2018 00:32:31.018 [main] INFO  TestListener - Suite test started: SignUpPage - FirefoxSmokeTest
Feb 02 2018 00:32:31.018 [main] INFO  ClassListener - Test class started: SignUpPageTest
Feb 02 2018 00:32:39.462 [main] INFO  TestListener - Test method started: testCancelButton
Feb 02 2018 00:32:47.772 [main] INFO  TestListener - Test method passed: testCancelButton
Feb 02 2018 00:32:56.879 [main] INFO  TestListener - Test method started: verifySelectSchoolDropdownIsDisplayedAfterSelectingBoard
Feb 02 2018 00:33:02.852 [main] INFO  TestListener - Test method passed: verifySelectSchoolDropdownIsDisplayedAfterSelectingBoard
Feb 02 2018 00:33:12.759 [main] INFO  TestListener - Test method started: verifyClickHereLinkIsDisplayedAfterSelectingBoard
Feb 02 2018 00:33:18.745 [main] INFO  TestListener - Test method passed: verifyClickHereLinkIsDisplayedAfterSelectingBoard
Feb 02 2018 00:33:27.595 [main] INFO  TestListener - Test method started: testClickHereLink
Feb 02 2018 00:33:33.005 [main] INFO  TestListener - Test method passed: testClickHereLink
Feb 02 2018 00:33:41.805 [main] INFO  TestListener - Test method started: verifyClickHereLinkDisablesSelectSchoolDropdown
Feb 02 2018 00:33:47.702 [main] INFO  TestListener - Test method passed: verifyClickHereLinkDisablesSelectSchoolDropdown
Feb 02 2018 00:33:56.125 [main] INFO  TestListener - Test method started: testCancelLink
Feb 02 2018 00:34:02.302 [main] INFO  TestListener - Test method passed: testCancelLink
Feb 02 2018 00:34:12.242 [main] INFO  TestListener - Test method started: verifyOtherSourceTextBoxIsEnabledAfterSelectingSourceOther
Feb 02 2018 00:34:19.409 [main] INFO  TestListener - Test method passed: verifyOtherSourceTextBoxIsEnabledAfterSelectingSourceOther
Feb 02 2018 00:34:28.727 [main] INFO  TestListener - Test method started: testTermsOfServiceLink
Feb 02 2018 00:34:34.360 [main] INFO  TestListener - Test method passed: testTermsOfServiceLink
Feb 02 2018 00:34:43.115 [main] INFO  TestListener - Test method started: testPrivacyPolicyLink
Feb 02 2018 00:34:48.302 [main] INFO  TestListener - Test method passed: testPrivacyPolicyLink
Feb 02 2018 00:34:57.064 [main] INFO  TestListener - Test method started: verifyFirstNameInvalidCharactersErrorMessage
Feb 02 2018 00:35:07.141 [main] INFO  TestListener - Test method passed: verifyFirstNameInvalidCharactersErrorMessage
Feb 02 2018 00:35:16.599 [main] INFO  TestListener - Test method started: verifyPasswordLengthErrorMessage
Feb 02 2018 00:35:26.339 [main] INFO  TestListener - Test method passed: verifyPasswordLengthErrorMessage
Feb 02 2018 00:35:26.667 [main] INFO  ClassListener - Test class finished: SignUpPageTest
Feb 02 2018 00:35:26.667 [main] INFO  TestListener - Suite test finished: SignUpPage - FirefoxSmokeTest
Feb 02 2018 00:35:26.667 [main] INFO  TestListener - Suite test started: SignUpPage - IESmokeTest
Feb 02 2018 00:35:26.667 [main] INFO  ClassListener - Test class started: SignUpPageTest
Feb 02 2018 00:35:37.150 [main] INFO  TestListener - Test method started: testCancelButton
Feb 02 2018 00:36:01.062 [main] INFO  TestListener - Test method passed: testCancelButton
Feb 02 2018 00:36:11.650 [main] INFO  TestListener - Test method started: verifySelectSchoolDropdownIsDisplayedAfterSelectingBoard
Feb 02 2018 00:36:22.807 [main] INFO  TestListener - Test method passed: verifySelectSchoolDropdownIsDisplayedAfterSelectingBoard
Feb 02 2018 00:36:33.540 [main] INFO  TestListener - Test method started: verifyClickHereLinkIsDisplayedAfterSelectingBoard
Feb 02 2018 00:36:43.936 [main] INFO  TestListener - Test method passed: verifyClickHereLinkIsDisplayedAfterSelectingBoard
Feb 02 2018 00:36:54.420 [main] INFO  TestListener - Test method started: testClickHereLink
Feb 02 2018 00:37:07.975 [main] INFO  TestListener - Test method passed: testClickHereLink
Feb 02 2018 00:37:19.472 [main] INFO  TestListener - Test method started: verifyClickHereLinkDisablesSelectSchoolDropdown
Feb 02 2018 00:37:32.550 [main] INFO  TestListener - Test method passed: verifyClickHereLinkDisablesSelectSchoolDropdown
Feb 02 2018 00:37:43.595 [main] INFO  TestListener - Test method started: testCancelLink
Feb 02 2018 00:37:59.158 [main] INFO  TestListener - Test method passed: testCancelLink
Feb 02 2018 00:38:09.922 [main] INFO  TestListener - Test method started: verifyOtherSourceTextBoxIsEnabledAfterSelectingSourceOther
Feb 02 2018 00:38:30.259 [main] INFO  TestListener - Test method passed: verifyOtherSourceTextBoxIsEnabledAfterSelectingSourceOther
Feb 02 2018 00:38:41.615 [main] INFO  TestListener - Test method started: testTermsOfServiceLink
Feb 02 2018 00:38:51.807 [main] INFO  TestListener - Test method passed: testTermsOfServiceLink
Feb 02 2018 00:39:02.555 [main] INFO  TestListener - Test method started: testPrivacyPolicyLink
Feb 02 2018 00:39:12.350 [main] INFO  TestListener - Test method passed: testPrivacyPolicyLink
Feb 02 2018 00:39:23.036 [main] INFO  TestListener - Test method started: verifyFirstNameInvalidCharactersErrorMessage
Feb 02 2018 00:39:53.231 [main] INFO  TestListener - Test method passed: verifyFirstNameInvalidCharactersErrorMessage
Feb 02 2018 00:40:04.760 [main] INFO  TestListener - Test method started: verifyPasswordLengthErrorMessage
Feb 02 2018 00:40:34.440 [main] INFO  TestListener - Test method passed: verifyPasswordLengthErrorMessage
Feb 02 2018 00:40:34.986 [main] INFO  ClassListener - Test class finished: SignUpPageTest
Feb 02 2018 00:40:34.986 [main] INFO  TestListener - Suite test finished: SignUpPage - IESmokeTest
Feb 02 2018 00:40:35.001 [main] INFO  SuiteListener - Test suite finished: SmokeTestSuite
